// Jest Snapshot v1, https://goo.gl/fbAQLP

exports[`Pager should not be allowed to be called without new 1`] = `"Class constructor Pager cannot be invoked without 'new'"`;
