// Jest Snapshot v1, https://goo.gl/fbAQLP

exports[`settings.System should not be allowed to be called without new 1`] = `"Class constructor SystemSettings cannot be invoked without 'new'"`;
