// Jest Snapshot v1, https://goo.gl/fbAQLP

exports[`System.configuration should not be allowed to be called without new 1`] = `"Class constructor SystemConfiguration cannot be invoked without 'new'"`;
