// Jest Snapshot v1, https://goo.gl/fbAQLP

exports[`System should not be allowed to be called without new 1`] = `"Class constructor System cannot be invoked without 'new'"`;
