// Jest Snapshot v1, https://goo.gl/fbAQLP

exports[`CurrentUser.userSettings should not be allowed to be called without new 1`] = `"Class constructor UserSettings cannot be invoked without 'new'"`;
