// Jest Snapshot v1, https://goo.gl/fbAQLP

exports[`Analytics.aggregate should not be allowed to be called without new 1`] = `"Class constructor AnalyticsAggregate cannot be invoked without 'new'"`;
