// Jest Snapshot v1, https://goo.gl/fbAQLP

exports[`AnalyticsResponseHeader constructor should not be allowed to be called without new 1`] = `"Class constructor AnalyticsResponseHeader cannot be invoked without 'new'"`;
