// Jest Snapshot v1, https://goo.gl/fbAQLP

exports[`analytics.events should not be allowed to be called without new 1`] = `"Class constructor AnalyticsEvents cannot be invoked without 'new'"`;
