// Jest Snapshot v1, https://goo.gl/fbAQLP

exports[`AnalyticsRequest constructor should not be allowed to be called without new 1`] = `"Class constructor AnalyticsRequest cannot be invoked without 'new'"`;
