// Jest Snapshot v1, https://goo.gl/fbAQLP

exports[`Analytics should not be allowed to be called without new 1`] = `"Class constructor Analytics cannot be invoked without 'new'"`;
