// Jest Snapshot v1, https://goo.gl/fbAQLP

exports[`AnalyticsResponse constructor should not be allowed to be called without new 1`] = `"Class constructor AnalyticsResponse cannot be invoked without 'new'"`;
