// Jest Snapshot v1, https://goo.gl/fbAQLP

exports[`ModelValidations should not be allowed to be called without new 1`] = `"Class constructor ModelValidation cannot be invoked without 'new'"`;
