// Jest Snapshot v1, https://goo.gl/fbAQLP

exports[`D2 models should not be allowed to be called without new 1`] = `"Class constructor ModelDefinitions cannot be invoked without 'new'"`;
