// Jest Snapshot v1, https://goo.gl/fbAQLP

exports[`Model should not be allowed to be called without new 1`] = `"Class constructor Model cannot be invoked without 'new'"`;
