// Jest Snapshot v1, https://goo.gl/fbAQLP

exports[`ModelCollection class create method should not be allowed to be called without new 1`] = `"Class constructor ModelCollection cannot be invoked without 'new'"`;
